SQL> --sys 계정은 최상위 권한자이므로, 중요한 업무만 다룸
SQL> --개발자가 사용할 일이 없음. 따라서 sys 보다 하위에 관리자 계정인
SQL> --system계정을 사용해서 실습한다.
SQL> --다른계정으로 로그인을 전환하려면 connect 명령어 사용
SQL> connect system/1234
Connected.
SQL> --현재 잘 들어온 건지 확인해보자
SQL> --show user
SQL> show user
USER is "SYSTEM"
SQL> --앞으로 테이블을 저장할 데이터베이스와 파일을 생성해보자
SQL> --데이터배이스 생성 명령어
SQL> create tablespace study
  2  datafile 'C:\oraclexe\app\oracle\oradata\XE\study.dbf'
  3  size 1M;

Tablespace created.

SQL> ed
Wrote file afiedt.buf

  1  create tablespace study
  2  datafile 'C:\oraclexe\app\oracle\oradata\XE\study.dbf'
  3* size 1M
SQL> ed
Wrote file afiedt.buf

  1  create user user0827
  2  identified by user0827
  3  default tablespace study
  4* quota unlimited on study
SQL> 
SQL> /

User created.

SQL> --유저가 생성되었으면, 이 유저로 로그인해보자
SQL> conn user0827/user0827
ERROR:
ORA-01045: user USER0827 lacks CREATE SESSION privilege; logon denied 


Warning: You are no longer connected to ORACLE.
SQL> --생성된 유저는 아무런 권한이 없으므로
SQL> --필요한 권한을 부여받아야 한다.
SQL> show user
USER is ""
SQL> conn system/1234
Connected.
SQL> show user
USER is "SYSTEM"
SQL> --사용자에게 권한주기(seisson이 접속권한)
SQL> grant create session to user0827;

Grant succeeded.

SQL> conn user0827/user0827
Connected.
SQL> show user
USER is "USER0827"
SQL> create tablespace web
  2  datafile 'C:\oraclexe\app\oracle\oradata\XE\web.dbf'
  3  size 1M;
create tablespace web
*
ERROR at line 1:
ORA-01031: insufficient privileges 


SQL> create tablespace web
  2  datafile 'C:\oraclexe\app\oracle\oradata\XE\web.dbf'
  3  size 1M
  4  ed
  5  
SQL> create tablespace web
  2  datafile 'C:\oraclexe\app\oracle\oradata\XE\web.dbf'
  3  size 10M
  4  ;
create tablespace web
*
ERROR at line 1:
ORA-01031: insufficient privileges 


SQL> ed
Wrote file afiedt.buf

  1  create tablespace web
  2  datafile 'C:\oraclexe\app\oracle\oradata\XE\web.dbf'
  3* size 10M
  4  /
create tablespace web
*
ERROR at line 1:
ORA-01031: insufficient privileges 


SQL> conn system/1234
Connected.
SQL> show user
USER is "SYSTEM"
SQL> ed
Wrote file afiedt.buf

  1  create tablespace web
  2  datafile 'C:\oraclexe\app\oracle\oradata\XE\web.dbf'
  3* size 10M
SQL> 
SQL> /

Tablespace created.

SQL> ed
Wrote file afiedt.buf

  1  create user java
  2  identified by 1234
  3  defaulf tablespace web
  4* quota unlimited on web
SQL> /
defaulf tablespace web
*
ERROR at line 3:
ORA-00922: missing or invalid option 


SQL> ed
Wrote file afiedt.buf

  1  create user java
  2  identified by 1234
  3  default tablespace web
  4* quota unlimited on web
SQL> /

User created.

SQL> grant create session to java;

Grant succeeded.

SQL> conn java/1234
Connected.
SQL> show user
USER is "JAVA"
SQL> conn system
ERROR:
ORA-01017: invalid username/password; logon denied 


Warning: You are no longer connected to ORACLE.
SQL> conn system/1234
Connected.
SQL> show user
USER is "SYSTEM"
SQL> create tablespace oing
  2  datafile 'C:\oraclexe\app\oracle\oradata\XE\oing.dbf'
  3  size 1M
  4  /

Tablespace created.

SQL> create user gabi
  2  identified gabi3300
  3  dafault tablespace web
  4  ed
  5  /
identified gabi3300
           *
ERROR at line 2:
ORA-00924: missing BY keyword 


SQL> ed
Wrote file afiedt.buf

  1  create user gabi
  2  identified gabi3300
  3  dafault tablespace oing
  4* quota unlimited on oing
SQL> /
identified gabi3300
           *
ERROR at line 2:
ORA-00924: missing BY keyword 


SQL> ed
Wrote file afiedt.buf

  1  create user gabi
  2  identified by gabi3300
  3  dafault tablespace oing
  4* quota unlimited on oing
SQL> /
dafault tablespace oing
*
ERROR at line 3:
ORA-00922: missing or invalid option 


SQL> ed
Wrote file afiedt.buf

  1  create user gabi
  2  identified by gabi3300
  3  default tablespace oing
  4* quota unlimited on oing
SQL> /

User created.

SQL> grant create session to gabi;

Grant succeeded.

SQL> conn gabi
Connected.
SQL> show user
USER is "GABI"
SQL> --system 비밀번호 변경해보기
SQL> conn sys
ERROR:
ORA-01005: null password given; logon denied 


Warning: You are no longer connected to ORACLE.
SQL> conn sys/ as sysdba
Connected.
SQL> show user
USER is "SYS"
SQL> --whswodml qusruddms  alter
SQL> --존재의 변경은 alter
SQL> alter user system
  2  identified by manager;

User altered.

SQL> ed
Wrote file afiedt.buf

  1  alter user system
  2* identified by manager
SQL> /

User altered.

SQL> -- 바뀐 비번으로 접속하기
SQL> conn system/manager
Connected.
SQL> show user
USER is "SYSTEM"
SQL> ed
Wrote file afiedt.buf

  1  create tablespace app
  2  datafile 'C:\oraclexe\app\oracle\oradata\XE\app.dbf'
  3* size 10M
SQL> /

Tablespace created.

SQL> ed
Wrote file afiedt.buf

  1  crate user dev
  2  identified by 1234
  3  default tablespace app
  4* quota unlimited on app
SQL> /
crate user dev
*
ERROR at line 1:
ORA-00900: invalid SQL statement 


SQL> ed
Wrote file afiedt.buf

  1  create user dev
  2  identified by 1234
  3  default tablespace app
  4* quota unlimited on app
SQL> /

User created.

SQL> grant create session to dev
  2  ;

Grant succeeded.

SQL> ed
Wrote file afiedt.buf

  1* grant create session, create table to dev
SQL> /

Grant succeeded.

SQL> conn dev/1234
Connected.
SQL> show user
USER is "DEV"
SQL> create table member(
  2  name varchar(20)
  3  , money number
  4  , phone varchar(13)
  5  );

Table created.

SQL> insert into member(name,money,phone)
  2  values('pet',3000,'010-8888-7777')
  3  ;

1 row created.

SQL> show table member
SP2-0158: unknown SHOW option "table"
SP2-0158: unknown SHOW option "member"
SQL> select table
  2  ;
select table
       *
ERROR at line 1:
ORA-00936: missing expression 


SQL> select table from member
  2  ;
select table from member
       *
ERROR at line 1:
ORA-00936: missing expression 


SQL> commit;

Commit complete.

SQL> spool off
